============================= test session starts =============================
platform win32 -- Python 3.12.10, pytest-9.0.3, pluggy-1.6.0 -- C:\Users\doucej\AppData\Local\Programs\Python\Python312\python.exe
cachedir: .pytest_cache
rootdir: C:\uiax
configfile: pyproject.toml
plugins: anyio-4.13.0, asyncio-1.3.0
asyncio: mode=Mode.AUTO, debug=False, asyncio_default_fixture_loop_scope=None, asyncio_default_test_loop_scope=function
collecting ... collected 75 items

tests/test_tools.py::TestInspect::test_inspect_root_returns_window PASSED [  1%]
tests/test_tools.py::TestInspect::test_inspect_root_has_children PASSED  [  2%]
tests/test_tools.py::TestInspect::test_inspect_by_name PASSED            [  4%]
tests/test_tools.py::TestInspect::test_inspect_by_automation_id PASSED   [  5%]
tests/test_tools.py::TestInspect::test_inspect_by_control_type PASSED    [  6%]
tests/test_tools.py::TestInspect::test_inspect_by_path PASSED            [  8%]
tests/test_tools.py::TestInspect::test_inspect_with_depth_zero PASSED    [  9%]
tests/test_tools.py::TestInspect::test_inspect_depth_respected PASSED    [ 10%]
tests/test_tools.py::TestInspect::test_inspect_element_not_found PASSED  [ 12%]
tests/test_tools.py::TestInspect::test_inspect_invalid_selector PASSED   [ 13%]
tests/test_tools.py::TestInspect::test_inspect_output_is_json_serialisable PASSED [ 14%]
tests/test_tools.py::TestInspect::test_inspect_dict_has_required_keys PASSED [ 16%]
tests/test_tools.py::TestInspect::test_inspect_rect_has_ltrb PASSED      [ 17%]
tests/test_tools.py::TestInspectQuicken::test_inspect_quicken_root PASSED [ 18%]
tests/test_tools.py::TestInspectQuicken::test_inspect_quicken_register PASSED [ 20%]
tests/test_tools.py::TestInspectQuicken::test_inspect_quicken_transaction_fields PASSED [ 21%]
tests/test_tools.py::TestInvoke::test_invoke_button_succeeds PASSED      [ 22%]
tests/test_tools.py::TestInvoke::test_invoke_by_name PASSED              [ 24%]
tests/test_tools.py::TestInvoke::test_invoke_by_path PASSED              [ 25%]
tests/test_tools.py::TestInvoke::test_invoke_non_invokable_raises PASSED [ 26%]
tests/test_tools.py::TestInvoke::test_invoke_element_not_found PASSED    [ 28%]
tests/test_tools.py::TestInvoke::test_invoke_all_toolbar_buttons PASSED  [ 29%]
tests/test_tools.py::TestSetValue::test_set_value_text_field PASSED      [ 30%]
tests/test_tools.py::TestSetValue::test_set_value_on_non_settable_raises PASSED [ 32%]
tests/test_tools.py::TestSetValue::test_set_value_element_not_found PASSED [ 33%]
tests/test_tools.py::TestSetValue::test_set_value_empty_string PASSED    [ 34%]
tests/test_tools.py::TestSetValue::test_set_then_inspect_reflects_new_value PASSED [ 36%]
tests/test_tools.py::TestSetValueQuicken::test_set_value_quicken_payee PASSED [ 37%]
tests/test_tools.py::TestSetValueQuicken::test_set_value_quicken_amount PASSED [ 38%]
tests/test_tools.py::TestErrorCodes::test_element_not_found_code PASSED  [ 40%]
tests/test_tools.py::TestErrorCodes::test_pattern_not_supported_code PASSED [ 41%]
tests/test_tools.py::TestErrorCodes::test_invalid_selector_code PASSED   [ 42%]
tests/test_tools.py::TestGetText::test_get_text_returns_value_when_set PASSED [ 44%]
tests/test_tools.py::TestGetText::test_get_text_returns_value_over_name PASSED [ 45%]
tests/test_tools.py::TestGetText::test_get_text_falls_back_to_name_when_value_empty PASSED [ 46%]
tests/test_tools.py::TestGetText::test_get_text_status_bar PASSED        [ 48%]
tests/test_tools.py::TestGetText::test_get_text_root_returns_window_name PASSED [ 49%]
tests/test_tools.py::TestGetText::test_get_text_source_field_present PASSED [ 50%]
tests/test_tools.py::TestGetText::test_get_text_element_not_found PASSED [ 52%]
tests/test_tools.py::TestGetText::test_get_text_by_automation_id PASSED  [ 53%]
tests/test_tools.py::TestGetText::test_get_text_prefers_msaa_value_over_name PASSED [ 54%]
tests/test_tools.py::TestSelectorShorthand::test_shorthand_automation_id PASSED [ 56%]
tests/test_tools.py::TestSelectorShorthand::test_shorthand_name PASSED   [ 57%]
tests/test_tools.py::TestSelectorShorthand::test_shorthand_control_type PASSED [ 58%]
tests/test_tools.py::TestSelectorShorthand::test_shorthand_invoke PASSED [ 60%]
tests/test_tools.py::TestSelectorShorthand::test_shorthand_get_text PASSED [ 61%]
tests/test_tools.py::TestSelectorShorthand::test_unknown_key_raises PASSED [ 62%]
tests/test_tools.py::TestSelectorShorthand::test_ambiguous_shorthand_raises PASSED [ 64%]
tests/test_tools.py::TestSelectorShorthand::test_canonical_form_still_works PASSED [ 65%]
tests/test_tools.py::TestFindAllIndexAndStates::test_find_all_returns_index_field PASSED [ 66%]
tests/test_tools.py::TestFindAllIndexAndStates::test_find_all_indices_are_sequential PASSED [ 68%]
tests/test_tools.py::TestFindAllIndexAndStates::test_find_all_includes_name_and_role PASSED [ 69%]
tests/test_tools.py::TestFindAllIndexAndStates::test_find_all_empty_filter_returns_elements PASSED [ 70%]
tests/test_tools.py::TestFindAllIndexAndStates::test_find_all_has_actions_false_includes_all PASSED [ 72%]
tests/test_tools.py::TestFindAllIndexAndStates::test_find_all_roles_filter PASSED [ 73%]
tests/test_tools.py::TestFindAllIndexAndStates::test_find_all_value_field_present_when_set PASSED [ 74%]
tests/test_tools.py::TestGetTextOptionalTarget::test_get_text_no_args_returns_root PASSED [ 76%]
tests/test_tools.py::TestGetTextOptionalTarget::test_get_text_none_target_returns_root PASSED [ 77%]
tests/test_tools.py::TestGetTextOptionalTarget::test_get_text_empty_dict_unchanged PASSED [ 78%]
tests/test_tools.py::TestGetTextOptionalTarget::test_get_text_explicit_target_still_works PASSED [ 80%]
tests/test_tools.py::TestFindAllPagination::test_pagination_default_limit PASSED [ 81%]
tests/test_tools.py::TestFindAllPagination::test_pagination_limit_works PASSED [ 82%]
tests/test_tools.py::TestFindAllPagination::test_pagination_offset_skips PASSED [ 84%]
tests/test_tools.py::TestFindAllPagination::test_pagination_has_more_flag PASSED [ 85%]
tests/test_tools.py::TestFindAllPagination::test_pagination_no_more_at_end PASSED [ 86%]
tests/test_tools.py::TestFindAllPagination::test_name_contains_filters PASSED [ 88%]
tests/test_tools.py::TestFindAllPagination::test_name_contains_empty_returns_all PASSED [ 89%]
tests/test_tools.py::TestFindAllPagination::test_name_contains_with_pagination PASSED [ 90%]
tests/test_tools.py::TestWaitForElement::test_wait_present_element_found_immediately PASSED [ 92%]
tests/test_tools.py::TestWaitForElement::test_wait_absent_element_times_out PASSED [ 93%]
tests/test_tools.py::TestWaitForElement::test_wait_present_false_returns_ok_when_absent PASSED [ 94%]
tests/test_tools.py::TestWin32Tools::test_send_message_mock_records_and_returns_ok PASSED [ 96%]
tests/test_tools.py::TestWin32Tools::test_check_window_state_mock_returns_enabled PASSED [ 97%]
tests/test_tools.py::TestWin32Tools::test_dismiss_modal_overlay_mock_no_op PASSED [ 98%]
tests/test_tools.py::TestMouseClickForceSendInput::test_uia_mouse_click_records_in_mock PASSED [100%]

============================= 75 passed in 5.28s ==============================
